
Starting Unicycler (2025-04-15 09:44:13)
----------------------------------------
    Welcome to Unicycler, an assembly pipeline for bacterial genomes. Since you provided both short and long reads, Unicycler will perform a hybrid assembly. It will first use SPAdes to make a short-read assembly graph, and then it will use various methods to scaffold that graph with the long reads.
    For more information, please see https://github.com/rrwick/Unicycler

Command: /isg/shared/apps/unicycler/0.5.0/bin/unicycler -1 /home/FCAM/nvargas/2025Feb18_Nataly_289_358_assembly/366/3_ASSEMBLY/FINAL_READS/KMM366_forward_paired_Ptrimmomatic.fastq -2 /home/FCAM/nvargas/2025Feb18_Nataly_289_358_assembly/366/3_ASSEMBLY/FINAL_READS/KMM366_reverse_paired_Ptrimmomatic.fastq -l /home/FCAM/nvargas/2025Feb18_Nataly_289_358_assembly/366/3_ASSEMBLY/FINAL_READS/KMM366_nanofilt_LR.fastq -o /home/FCAM/nvargas/2025Feb18_Nataly_289_358_assembly/366/3_ASSEMBLY/UNICYCLER --min_fasta_length 50 --mode bold

Unicycler version: v0.5.0
Using 8 threads

The output directory already exists and files may be reused or overwritten:
  /home/FCAM/nvargas/2025Feb18_Nataly_289_358_assembly/366/3_ASSEMBLY/UNICYCLER

Dependencies:
  Program       Version   Status
  spades.py     3.15.2    good  
  racon         1.4.21    good  
  makeblastdb   2.13.0+   good  
  tblastn       2.13.0+   good  


Choosing k-mer range for assembly (2025-04-15 09:44:32)
-------------------------------------------------------
    Unicycler chooses a k-mer range for SPAdes based on the length of the input reads. It uses a wide range of many k-mer sizes to maximise the chance of finding an ideal assembly.

SPAdes maximum k-mer: 127
Median read length: 139
K-mer range: 27, 53, 71, 87, 99, 111, 119, 127


SPAdes assemblies (2025-04-15 09:44:50)
---------------------------------------
    Unicycler now uses SPAdes to assemble the short reads. It scores the assembly graph for each k-mer using the number of contigs (fewer is better) and the number of dead ends (fewer is better). The score function is 1/(c*(d+2)), where c is the contig count and d is the dead end count.

spades.py -o /home/FCAM/nvargas/2025Feb18_Nataly_289_358_assembly/366/3_ASSEMBLY/UNICYCLER/spades_assembly -k 27 --threads 8 --isolate -1 /home/FCAM/nvargas/2025Feb18_Nataly_289_358_assembly/366/3_ASSEMBLY/FINAL_READS/KMM366_forward_paired_Ptrimmomatic.fastq -2 /home/FCAM/nvargas/2025Feb18_Nataly_289_358_assembly/366/3_ASSEMBLY/FINAL_READS/KMM366_reverse_paired_Ptrimmomatic.fastq -m 1024

spades.py -o /home/FCAM/nvargas/2025Feb18_Nataly_289_358_assembly/366/3_ASSEMBLY/UNICYCLER/spades_assembly -k 27,53 --threads 8 --restart-from k27 -m 1024

spades.py -o /home/FCAM/nvargas/2025Feb18_Nataly_289_358_assembly/366/3_ASSEMBLY/UNICYCLER/spades_assembly -k 27,53,71 --threads 8 --restart-from k53 -m 1024

spades.py -o /home/FCAM/nvargas/2025Feb18_Nataly_289_358_assembly/366/3_ASSEMBLY/UNICYCLER/spades_assembly -k 27,53,71,87 --threads 8 --restart-from k71 -m 1024

spades.py -o /home/FCAM/nvargas/2025Feb18_Nataly_289_358_assembly/366/3_ASSEMBLY/UNICYCLER/spades_assembly -k 27,53,71,87,99 --threads 8 --restart-from k87 -m 1024

spades.py -o /home/FCAM/nvargas/2025Feb18_Nataly_289_358_assembly/366/3_ASSEMBLY/UNICYCLER/spades_assembly -k 27,53,71,87,99,111 --threads 8 --restart-from k99 -m 1024

spades.py -o /home/FCAM/nvargas/2025Feb18_Nataly_289_358_assembly/366/3_ASSEMBLY/UNICYCLER/spades_assembly -k 27,53,71,87,99,111,119 --threads 8 --restart-from k111 -m 1024

spades.py -o /home/FCAM/nvargas/2025Feb18_Nataly_289_358_assembly/366/3_ASSEMBLY/UNICYCLER/spades_assembly -k 27,53,71,87,99,111,119,127 --threads 8 --restart-from k119 -m 1024

K-mer   Contigs   Dead ends   Score   
   27     3,777          77   3.35e-06
   53     1,898          74   6.93e-06
   71     1,795          69   7.85e-06 ← best
   87     1,996          71   6.86e-06
   99     2,058          74   6.39e-06
  111     2,144          75   6.06e-06
  119     2,544          88   4.37e-06
  127     5,282         240   7.82e-07

Read depth filter: removed 1412 contigs totalling 397568 bp
Deleting /home/FCAM/nvargas/2025Feb18_Nataly_289_358_assembly/366/3_ASSEMBLY/UNICYCLER/spades_assembly/


Determining graph multiplicity (2025-04-15 11:45:12)
----------------------------------------------------
    Multiplicity is the number of times a sequence occurs in the underlying sequence. Single-copy contigs (those with a multiplicity of one, occurring only once in the underlying sequence) are particularly useful.

Saving /home/FCAM/nvargas/2025Feb18_Nataly_289_358_assembly/366/3_ASSEMBLY/UNICYCLER/002_depth_filter.gfa


Cleaning graph (2025-04-15 11:45:12)
------------------------------------
    Unicycler now performs various cleaning procedures on the graph to remove overlaps and simplify the graph structure. The end result is a graph ready for bridging.

Graph overlaps removed

Removed zero-length segments:
    454, 477, 480, 488, 494, 498, 500, 510, 520, 523, 544, 546, 554, 555, 562, 565, 567, 576, 581, 587, 591, 598, 603, 609, 612, 617, 618, 623, 637, 640, 646, 648, 650, 651, 652, 653, 659, 660, 661, 665, 667, 677, 690, 691, 692, 693, 694, 695, 697, 702, 703, 704, 705, 707, 708, 710, 713, 714, 717, 718, 719, 720, 721, 731, 734, 735, 746, 747, 748, 749, 751, 756, 757, 758, 761, 763, 764, 765, 766, 767, 768, 769, 771, 772, 774, 775, 776, 777, 779, 780, 781, 783, 785, 796, 798, 799, 801, 802, 808, 817, 818, 820, 821, 822, 823, 825, 831, 832, 833, 836, 837, 840, 842, 843, 844, 847, 848, 851, 853, 854, 857, 858, 861, 862, 863, 866, 867, 869, 870, 874, 876, 881, 883, 884, 886, 887, 888, 890, 891, 892, 893, 894, 898, 899, 914, 915, 916, 920, 927, 928, 929, 930, 932, 933, 934, 936, 938, 939, 940, 942, 943, 945, 947, 951, 953, 955, 956, 965, 967, 968, 970, 972, 973, 981, 986, 988, 990, 992, 993, 994, 995, 996, 997, 1000, 1004, 1007, 1016, 1017, 1018, 1019, 1021, 1022, 1023, 1024, 1025, 1026, 1030, 1032, 1033, 1035, 1037, 1039, 1040, 1041, 1043, 1044, 1049, 1050, 1053, 1054, 1056, 1059, 1060, 1061, 1062, 1063, 1065, 1066, 1067, 1068, 1069, 1071, 1072, 1073, 1074, 1075, 1076, 1077, 1079, 1080, 1085, 1088, 1089, 1092, 1093, 1097, 1100, 1101, 1102, 1104, 1106, 1107, 1108, 1109, 1110, 1112, 1114, 1116, 1117, 1118, 1120, 1126, 1127, 1129, 1131, 1132, 1133, 1135, 1136, 1139, 1141, 1142, 1143, 1147, 1149, 1151, 1155, 1161, 1163, 1164, 1166, 1167, 1168, 1175, 1178, 1179, 1180, 1186, 1188, 1191, 1192, 1193, 1197, 1198, 1199, 1200, 1201, 1203, 1205, 1206, 1207, 1208, 1211, 1213, 1220, 1221, 1222, 1224, 1226, 1228, 1230, 1233, 1234, 1237, 1238, 1240, 1241, 1242, 1243, 1244, 1245, 1246, 1247, 1248, 1249, 1250, 1251, 1252, 1254, 1256, 1260, 1267, 1268, 1271, 1273, 1274, 1276, 1278, 1279, 1280, 1281, 1283, 1286, 1287, 1288, 1289, 1290, 1293, 1294, 1296, 1297, 1298, 1299, 1301, 1302, 1303, 1304, 1305, 1308, 1310, 1312, 1313, 1319, 1324, 1325, 1327, 1328, 1330, 1333, 1335, 1337, 1339, 1340, 1342, 1344, 1345, 1347, 1348, 1349, 1351, 1352, 1354, 1356, 1358, 1359, 1361, 1362, 1364, 1365, 1366, 1367, 1368, 1369, 1372, 1374, 1375, 1377, 1378, 1379, 1380, 1381, 1383, 1393, 1394, 1395, 1396, 1397, 1404, 1408, 1409, 1411, 1412, 1414, 1417, 1418, 1420, 1422, 1423, 1424, 1426, 1427, 1428, 1429, 1431, 1432, 1433, 1434, 1435, 1438, 1439, 1440, 1441, 1442, 1453, 1454, 1456, 1459, 1461, 1462, 1463, 1466, 1468, 1469, 1472, 1473, 1474, 1475, 1476, 1479, 1480, 1481, 1486, 1489, 1491, 1492, 1495, 1501, 1504, 1506, 1507, 1512, 1513, 1515, 1519, 1523, 1525, 1526, 1530, 1535, 1537, 1539, 1540, 1548, 1549, 1550, 1551, 1556, 1560, 1563, 1566, 1567, 1569, 1572, 1574, 1578, 1580, 1585, 1587, 1589, 1591, 1594, 1596, 1597, 1598, 1601, 1602, 1603, 1608, 1609, 1611, 1612, 1615, 1617, 1618, 1623, 1624, 1626, 1633, 1634, 1641, 1643, 1650, 1653, 1655, 1656, 1657, 1662, 1671, 1673, 1679, 1681, 1683, 1685, 1687, 1691, 1693, 1700, 1701, 1702, 1703, 1705, 1708, 1718, 1720, 1721, 1726, 1731, 1732, 1735, 1736, 1740, 1746, 1764

Removed zero-length segments:
    465, 476, 527, 537, 579, 624, 654, 684, 696, 743, 744, 812, 813, 860, 908, 909, 918, 944, 958, 960, 962, 989, 1014, 1028, 1081, 1083, 1119, 1123, 1125, 1145, 1156, 1183, 1258, 1266, 1277, 1282, 1292, 1295, 1307, 1311, 1316, 1336, 1343, 1357, 1371, 1413, 1416, 1419, 1430, 1436, 1437, 1444, 1445, 1448, 1450, 1457, 1467, 1471, 1478, 1482, 1484, 1485, 1498, 1510, 1511, 1517, 1522, 1524, 1527, 1529, 1532, 1534, 1536, 1538, 1542, 1544, 1545, 1547, 1554, 1559, 1561, 1568, 1570, 1575, 1576, 1577, 1581, 1583, 1588, 1590, 1592, 1599, 1600, 1606, 1607, 1613, 1616, 1619, 1622, 1628, 1630, 1646, 1654, 1658, 1661, 1663, 1664, 1666, 1667, 1669, 1670, 1677, 1688, 1689, 1692, 1694, 1695, 1696, 1698, 1704, 1706, 1710, 1717, 1724, 1727, 1728, 1734, 1738, 1741, 1751, 1767, 1768, 1771, 1783, 1789

Removed zero-length segments:
    613, 755, 921, 1137, 1158, 1225, 1239, 1257, 1355, 1360, 1363, 1373, 1385, 1388, 1451, 1460, 1477, 1508, 1546, 1552, 1553, 1579, 1593, 1665, 1668, 1682, 1690, 1697, 1709, 1713, 1729, 1737

Removed zero-length segments:
    1144, 1255, 1338, 1387, 1455, 1557, 1714

Removed zero-length segments:
    1699

Merged small segments:
    1261, 1315, 1331, 1389, 1390, 1402, 1406, 1483, 1496, 1499, 1514, 1614, 1620, 1625, 1627, 1631, 1632, 1636, 1639, 1645, 1647, 1648, 1649, 1651, 1711, 1744, 1745, 1752, 1753, 1755, 1756, 1757, 1760, 1763

Saving /home/FCAM/nvargas/2025Feb18_Nataly_289_358_assembly/366/3_ASSEMBLY/UNICYCLER/003_overlaps_removed.gfa

    Unicycler now selects a set of anchor contigs from the single-copy contigs. These are the contigs which will be connected via bridges to form the final assembly.

109 anchor segments (4,738,916 bp) out of 1,073 total segments (4,834,580 bp)


Creating SPAdes contig bridges (2025-04-15 11:45:13)
----------------------------------------------------
    SPAdes uses paired-end information to perform repeat resolution (RR) and produce contigs from the assembly graph. SPAdes saves the graph paths corresponding to these contigs in the contigs.paths file. When one of these paths contains two or more anchor contigs, Unicycler can create a bridge from the path.

                                                                                                                     Bridge
Start                                                  Path                                                 End     quality
  -96                                                  495                                                  109        30.7
  -82                                            -348 → 158 → 192                                           100        47.3
  -79                              -244 → 143 → 161 → -1005 → -134 → 363 → -181                             95         25.7
  -41                                                  -227                                                 105        63.2
  -28   219 → 506 → 241 → 165 → 221 → -1020 → -202 → -1019 → 153 → 607 → 185 → -1003 → -183 → -999 → -151   65         20.1
  -25                                                  216                                                  48         63.2
  -21                                                  -929                                                 32         34.8
   -8                                               -177 → 225                                              92         61.4
    1                                                  220                                                  -87        63.1
    3                                                  220                                                  86         56.6
    5                                                  -914                                                 -120       12.9
   13        -210 → -582 → -200 → -499 → -218 → -171 → -149 → 1015 → -539 → -204 → -163 → -214 → -583       80         27.5
   16                                                  -743                                                 46         44.7
   22                                           -227 → 1053 → 242                                           88         50.4
   26                                                  241                                                  75         63.2
   32                                           -145 → -138 → -212                                          57         34.1
   42                                                  206                                                  34         61.7
   43                               181 → 365 → 134 → 1017 → -161 → -142 → 244                              -95        25.7
   45                                            157 → 147 → -140                                           15         30.1
   46                                              -184 → -236                                              58         58.8
   49                                                  -211                                                 26         63.2
   55                                                  -203                                                 9          61.8
   57                                                  -206                                                 -105       49.3
   68                                                  203                                                  98         54.4
   74                                                  -949                                                 63         17.7
   80                                                  236                                                  30         63.1
   86                                           -169 → -174 → 209                                           2          56.6
   89                              168 → -355 → -155 → 1018 → 166 → 1026 → 213                              111        26.1
   91                                                  -252                                                 -97        63.2
   92                                                  -206                                                 42         61.3
   98                               168 → 354 → -155 → 1021 → 166 → 1029 → 213                              89         33.8
  100                                                  192                                                  73         58.6
  103                                                  193                                                  108        50.2
  108                                               348 → 495                                               -121       62.0


Creating loop unrolling bridges (2025-04-15 11:45:13)
-----------------------------------------------------
    When a SPAdes contig path connects an anchor contig with the middle contig of a simple loop, Unicycler concludes that the sequences are contiguous (i.e. the loop is not a separate piece of DNA). It then uses the read depth of the middle and repeat contigs to guess the number of times to traverse the loop and makes a bridge.

                                  Loop count   Loop count    Loop    Bridge
Start   Repeat   Middle     End    by repeat    by middle   count   quality
   15      233      167     -82         2.02         1.55       2      16.8
  -17     -228      426     -51         0.81         0.94       1      41.4
  -19     -250      135     -71         2.02         1.44       2       3.1
  107      137      231     -79         2.61         1.71       2       5.4
   76      215      239     -21         2.16         0.91       2      11.9
   12      237      438     -61         2.56         1.01       2      31.1


Loading reads (2025-04-15 11:45:13)
-----------------------------------
61,650 / 61,650 (100.0%) - 431,847,057 bp


Assembling contigs and long reads with miniasm (2025-04-15 11:45:16)
--------------------------------------------------------------------
    Unicycler uses miniasm to construct a string graph assembly using both the short read contigs and the long reads. It will then use the resulting string graph to produce bridges between contigs. This method requires decent coverage of long reads and therefore may not be fruitful if long reads are sparse. However, it does not rely on the short read assembly graph having good connectivity and is able to bridge an assembly graph even when it contains many dead ends.
    Unicycler uses two types of "reads" as assembly input: anchor contigs from the short-read assembly and actual long reads which overlap two or more of these contigs. It then assembles them with miniasm.

Aligning long reads to graph using minimap

Saving to /home/FCAM/nvargas/2025Feb18_Nataly_289_358_assembly/366/3_ASSEMBLY/UNICYCLER/miniasm_assembly/01_assembly_reads.fastq:
  107 short-read contigs
  12,503 long reads

Finding overlaps with minimap... 
success
  1,494,579 overlaps

Assembling reads with miniasm... 
success
  295 segments, 294 links

Saving /home/FCAM/nvargas/2025Feb18_Nataly_289_358_assembly/366/3_ASSEMBLY/UNICYCLER/miniasm_assembly/11_branching_paths_removed.gfa
Merging segments into unitigs:
  1 circular unitig
  1 linear unitig
  total size = 4,851,158 bp
Saving /home/FCAM/nvargas/2025Feb18_Nataly_289_358_assembly/366/3_ASSEMBLY/UNICYCLER/miniasm_assembly/12_unitig_graph.gfa

miniasm assembly too small for bridging


Creating simple long read bridges (2025-04-15 11:46:21)
-------------------------------------------------------
    Unicycler uses long read alignments (from minimap) to resolve simple repeat structures in the graph. This takes care of some "low-hanging fruit" of the graph simplification.

Aligning long reads to graph using minimap

    Two-way junctions are defined as cases where two graph contigs (A and B) join together (C) and then split apart again (D and E). This usually represents a simple 2-copy repeat, and there are two possible options for its resolution: (A→C→D and B→C→E) or (A→C→E and B→C→D). Each read which spans such a junction gets to "vote" for option 1, option 2 or neither. Unicycler creates a bridge at each junction for the most voted for option.

                                                   Op. 1   Op. 2   Neither   Final    Bridge
Junction        Option 1            Option 2       votes   votes     votes     op.   quality
     203    -9 → 203 → -55,    -9 → 203 → 98, 68     140       0         0       1      86.0
             68 → 203 → 98        → 203 → -55                                               
     115   -110 → 115 → 103,   -110 → 115 → 107,      54       0        12       1      54.8
            111 → 115 → 107     111 → 115 → 103                                             
     220    1 → 220 → -87, 3   1 → 220 → 86, 3 →     127       0         0       1      89.4
               → 220 → 86          220 → -87                                                

    Simple loops are parts of the graph where two contigs (A and B) are connected via a repeat (C) which loops back to itself (via D). It is possible to traverse the loop zero times (A→C→B), one time (A→C→D→C→B), two times (A→C→D→C→D→C→B), etc. Long reads which span the loop inform which is the correct number of times through. In this step, such reads are found and each is aligned against alternative loop counts. A reads casts its "vote" for the loop count it agrees best with, and Unicycler creates a bridge using the most voted for count.

                                   Read                         Loop    Bridge
Start   Repeat   Middle     End   count   Read votes           count   quality
  -68      907             -110       0                           no          
                                                               reads          
  -63      949              -74       0                           no          
                                                               reads          
  -46      743              -16       1   2 loops: 1 vote          2      65.3
  -32      929               21       0                           no          
                                                               reads          
  -19     -250      135     -71      56   3 loops: 56 votes        3      77.8
  -17     -228      426     -51      70   1 loop: 70 votes         1      99.8
   12      237      438     -61      77   4 loops: 77 votes        4      99.7
   15      233      167     -82      15   1 loop: 15 votes         1      87.9
   48      928               66       0                           no          
                                                               reads          
   76      215      239     -21      58   bad: 1 vote    2         5      93.4
                                          loops: 1 vote    5                  
                                          loops: 56 votes                     
  107      137      231     -79      23   1 loop: 23 votes         1      97.5
  120      914               -5       0                           no          
                                                               reads          


Determining low score threshold (2025-04-15 11:47:16)
-----------------------------------------------------
    Before conducting semi-global alignment of the long reads to the assembly graph, Unicycler must determine a minimum alignment score threshold such that nonsense alignments are excluded. To choose a threshold automatically, it examines alignments between random sequences and selects a score a few standard deviations above the mean.

Automatically choosing a threshold using random alignment scores.

Random alignment mean score: 61.66
         standard deviation:  1.31
        Low score threshold: 61.66 + (7 x 1.31) = 70.86


Aligning reads (2025-04-15 11:47:22)
------------------------------------
61,650 / 61,650 (100.0%)


Read alignment summary (2025-04-15 12:40:37)
--------------------------------------------
Total read count:             61,650
Fully aligned reads:          50,388
Partially aligned reads:      11,248
Unaligned reads:                  14
Total bases aligned:     423,447,035 bp
Mean alignment identity:          99.0%

Deleting /home/FCAM/nvargas/2025Feb18_Nataly_289_358_assembly/366/3_ASSEMBLY/UNICYCLER/read_alignment/


Building long read bridges (2025-04-15 12:40:37)
------------------------------------------------
    Unicycler uses the long read alignments to produce bridges between anchor segments. These bridges can be formed using as few as one long read, giving Unicycler the ability to bridge the graph even when long-read depth is low.

         Start → end      Best path                                 Quality
  1/151    102 → -12                                                  2.408
  2/151     14 → 29                                                  14.180
  3/151     35 → 23                                                  12.928
  4/151     56 → -23                                                 15.233
  5/151     34 → 19       214, 163, 204, 539, 1002, 149, 171, 156,   25.155
                          210, 71, 250, -135, 250, -135, 250               
  6/151     65 → 51       221, -1012, -202, 1008, 153, 608, 185,     63.271
                          -1010, -183, 1000, -151, -127, -232,             
                          542, -751, 867, 180, 892, 113, 154, 197,         
                          986, 891, 176, 489, 114, 631, 122, -246,         
                          286, -985, -807, 205, 823, 173, -836             
  7/151    -43 → 68       252, 182, 906, 906, 906, 906, 906, 906,    62.577
                          906, 906, 906, 906, 906, 906, 906, 906,          
                          906, 906, 906, 906, 97, 252, -91, -193,          
                          -125, 230, 761, 230, 494, 890, 494, 890,         
                          494, 121, -495, -348, -108, -193, -103,          
                          -115, 110, -907, -907, -907, -907, -907,         
                          -907, -907, -907, -907, -907                     
  8/151     63 → -21      116, 76, 215, 239, 215, 239, 215           41.445
  9/151     83 → 69       -211, -132, -823, -205, 807, -997, 198,    78.079
                          -245, -122, -630, -114, -489, -176, 894,         
                          989, -197, -178, -191, -660, -648, -113,         
                          -595, -180, -867, 751, -542                      
 10/151     85 → 85       762, 562, 196, 170, 99, 434, 1061, 559,    55.968
                          -139, -170, -196, -562, -762, -81,               
                          -1031, -93, -1040, 106, -452, 124, 1034,         
                          119, -509, 503, -208, -563, 1063, 104,           
                          -432, 128, -279, -90, 1028, -112, 1046,          
                          133, -196, -562, -118, 524, 164, 665,            
                          566, 144, 665, 566                               
 11/151     40 → 18       194, -823, -205, 807, -997, -286, -245,    82.700
                          -122, -631, -114, -489, -176, 894, 989,          
                          -197, -154, -113, -892, 172, 201, 703            
 12/151    -52 → 53       235, 650, 235, 644, 235, 644, 235, 650,    70.783
                          235, -69, 542, -751, 867, 180, 595, 113,         
                          648, 660, 191, 178, 197, -989, -894,             
                          176, 489, 114, 630, 122, 245, -198, 997,         
                          -807, 205, 823, 132, 211, -83, 217,              
                          -186, 845, 577, 217, -186, 845, -465,            
                          217                                              
 13/151     -5 → 44       836, -173, -823, -205, 807, -997, -286,    80.367
                          246, -122, -630, -114, -488, -176, 894,          
                          -986, -197, -178, -191, 617, -648, -113,         
                          -892, 172, 201                                   
 14/151     26 → 56                                                  10.678
 15/151     15 → 73       233, 167, 233, -82, -348, 158, 192, 100,   26.740
                          192                                              
 16/151     13 → 30       -210, -582, -200, -499, -218, -171,        43.278
                          -149, 1015, -539, -204, -163, -214,              
                          -583, 80, 236                                    
 17/151    107 → 95       137, 231, 137, -79, -244, 143, 161,         7.276
                          -1005, -134, 363, -181                           
 18/151    -53 → 69       -217, 465, -845, 186, -217, -577, -845,    69.473
                          186, -217, 83, -211, -132, -823, -205,           
                          807, -997, 198, -245, -122, -630, -114,          
                          -489, -176, 894, 989, -197, -178, -191,          
                          -660, -648, -113, -595, -180, -867, 751,         
                          -542                                             
 19/151    -68 → 91       907, 907, 907, 907, 907, 907, 907, 907,    50.623
                          907, 907, -110, 115, 103, 193, 108, 348,         
                          495, -121, -494, -890, -494, -890, -494,         
                          -230, -761, -230, 125, 193                       
 20/151    -29 → 64       -823, -205, 807, -997, 198, -245, -122,    77.868
                          -630, -114, -489, -176, -891, -986,              
                          -197, -154, -113, -892, -180, -867, 751,         
                          528, 232                                         
 21/151     47 → -1       -195, -209, -175, 169, -141, 212, 146,     74.197
                          -998, 179, 145, 129, 87, -220                    
 22/151     62 → -39      -703, -201, -172, 892, 113, 648, -617,     79.001
                          -207, 178, 197, 986, 891, 176, 488, 114,         
                          630, 122, -246, 286, -985, -807, 205,            
                          823, 173, -836                                   
 23/151     44 → -17                                                 19.002
 24/151    103 → -97      193, 108, 348, 495, -121, -494, -890,       8.505
                          -494, -890, -494, -230, -761, -230, 125,         
                          193, 91, -252                                    
 25/151    108 → -97      348, 495, -121, -494, -890, -494, -890,    18.574
                          -494, -230, -761, -230, 125, 193, 91,            
                          -252                                             
 26/151     88 → -29      -349, 1009, 555, 1023, 159, -536, -349,    61.650
                          -1030, 555, -1022, 159, -536, -349,              
                          -1030, 555, -1022, 159, -534, -349,              
                          -1030, 555, 1023, 159, -534, -349,               
                          -1030, 555, 1023, 159, -534, -349, 1009,         
                          555, -1022, 159, -534, -349, -1030, 555,         
                          1023, 159, -534, -349, -1030, 555, 1023,         
                          159, -536, -349, -1030, 555, 1023, 159,          
                          -536, -349, -1030, 555, 1023, 159, -534,         
                          130, -535, -969, -229, -933, -722, 781,          
                          402, 257, 684, -367, -535, -969, -229,           
                          -933, 510, 402, 257, 684, -367, -535,            
                          -969, -229, -933, -722, 781, 402, 257,           
                          684, -367, -535, -969, -229, -933, 510,          
                          402, 257, 684, -367, -535, -969, -229,           
                          -933, 510, 910, 458, 257, 684, -367,             
                          -535, -969, -229, -933, -722, 781, 402,          
                          257, 684, -367, -535, -969, -229, -933,          
                          -722, 781, 402, 257, 684, -367, -535,            
                          -969, -229, -933, -722, 687, 458, 288,           
                          -951, 684, 837, 240, -969, -229, -933,           
                          510, 402, 257, 684, -367, -535, -969,            
                          -229, -933, 510, 910, 458, 257, 684,             
                          -367, -535, -969, -229, -933, -722, 781,         
                          402, 257, 684, -367, -535, -969, -229,           
                          -933, -722, 781, 402, 257, 684, -367,            
                          -535, -969, -229, -933, -722, 687, 458,          
                          288, -951, 684, 837, 240, -969, -229,            
                          -933, 510, 402, 257, 684, -367, -535,            
                          -969, -229, -933, 510, 910, 458, 257,            
                          684, -367, -535, -969, -229, -933, 510,          
                          910, 458, 257, 684, 837, 240, 975, -229,         
                          394, 458, 288, -948, -683, -367, -535,           
                          -969, -229, -933, 510, 910, 458, 257,            
                          684, -367, -535, -969, -229, -933, -722,         
                          781, 402, 257, 684, 837, 240, 975, -229,         
                          394, 458, 288, -948, 532, 240, 975,              
                          -229, -933, -722, 687, 458, 257, 684,            
                          837, 240, 975, -229, 394, 458, 288,              
                          -951, 532, 240, 975, -229, -933, -722,           
                          687, 458, 288, -951                              
 27/151      9 → 13       867, 180, 595, 113, 648, -617, 191, 178,   75.590
                          197, -989, -894, 176, 489, 114, 630,             
                          122, 245, -198, 997, -807, 205, 823, 173         
 28/151     89 → -79      168, -355, -155, 1018, 166, 1026, 213,     46.003
                          111, 115, 107, 137, 231, 137                     
 29/151      3 → 2        220, 86, -169, -174, 209                   43.210
 30/151    -40 → 62                                                  29.300
 31/151    -61 → 67                                                  14.670
 32/151     97 → 121      252, -91, -193, -125, 230, 761, 230,        9.401
                          494, 890, 494, 890, 494                          
 33/151     24 → 39       -205, -557, 194, -823, -205, 807, 985,     81.600
                          -286, 246, -122, -631, -114, -488, -176,         
                          894, -986, -197, -178, -191, -660, -648,         
                          -113, -892, -180, -160                           
 34/151     -8 → 42       -177, 225, 92, -206                        72.222
 35/151      7 → 11       -889, -889, -889, -889, -889, -889,        83.788
                          -889, -889, -889, -889, -889, -152, 160,         
                          180, 892, 113, 648, -617, 191, 178, 197,         
                          986, -894, 176, 489, 114, 631, 122, 245,         
                          -198, 997, -807, 205, 823, -486                  
 36/151     43 → 79       181, 365, 134, 1017, -161, -142, 244,      40.873
                          -95, 181, -363, 134, 1005, -161, -143,           
                          244                                              
 37/151     77 → 72                                                  17.635
 38/151     71 → 19                                                  24.258
 39/151    -68 → 108      907, 907, 907, 907, 907, 907, 907, 907,     9.260
                          907, 907, -110, 115, 103, 193                    
 40/151    -50 → 54       -703, -201, -172, 892, 113, 648, 660,      82.078
                          191, 178, 197, 986, -894, 176, 488, 114,         
                          631, 122, 245, -198, 997, -807, 205,             
                          823, -486                                        
 41/151     19 → 3        -123, -126, -184, -236                     74.832
 42/151    -28 → 65       219, 506, 241, 165, 221, -1020, -202,      64.519
                          -1019, 153, 607, 185, -1003, -183, -999,         
                          -151                                             
 43/151    103 → 91       193, 108, 348, 495, -121, -494, -890,      32.973
                          -494, -890, -494, -230, -761, -230, 125,         
                          193                                              
 44/151     68 → 89       203, 98, 168, 354, -155, 1021, 166,        51.762
                          1029, 213                                        
 45/151     13 → 80       -210, -582, -200, -499, -218, -171,        81.733
                          -149, 1015, -539, -204, -163, -214, -583         
 46/151     -1 → 49       -116                                       82.797
 47/151     89 → 107      168, -355, -155, 1018, 166, 1026, 213,     43.822
                          111, 115                                         
 48/151     70 → -23                                                 12.889
 49/151    111 → -79      115, 107, 137, 231, 137                     3.084
 50/151     11 → 6        -582, -200, -150, -149, -1002, -539,       80.956
                          -204, -163, -214, -583                           
 51/151     91 → 43       -252, -97, -906, -906, -906, -906, -906,   49.176
                          -906, -906, -906, -906, -906, -906,              
                          -906, -906, -906, -906, -906, -906,              
                          -906, -182, -252                                 
 52/151     47 → 87       -195, -209, -175, 169, -141, 212, 146,     80.909
                          -998, 179, 145, 129                              
 53/151    -68 → 103      907, 907, 907, 907, 907, 907, 907, 907,    28.959
                          -110, 115                                        
 54/151     63 → 76       116                                        78.390
 55/151     60 → 23       214, 162, 204, 131, 499, 200, 188          82.512
 56/151    -73 → 82       -192, -100, -192, -158, 348                31.420
 57/151    -27 → 37       116                                        82.798
 58/151    102 → 61                                                   6.540
 59/151    108 → 91       348, 495, -121, -494, -890, -494, -890,    49.271
                          -494, -230, -761, -230, 125, 193                 
 60/151     53 → -37      157, -148, -140                            82.899
 61/151     20 → 10       583, 214, 162, 204, 131, 499, 200, 188     82.612
 62/151     34 → 71       214, 163, 204, 539, 1002, 149, 171, 156,   77.941
                          210                                              
 63/151     57 → 41       -206, -105, 227                            65.840
 64/151     66 → -33      -216, 447, 157, -148, -140                 76.672
 65/151   -103 → 110      -115                                       32.414
 66/151    -67 → 102      -195, -209, -175, 169, -141, 212, 146,      9.637
                          -1001, 179, 145, 129                             
 67/151    -79 → 95       -244, 143, 161, -1005, -134, 363, -181     65.793
 68/151     10 → 63       224, -199, 234, 594, 224, 578, 234, 74,    47.799
                          -949, -949, -949, -949, -949, -949, -949         
 69/151     67 → 22       893, 157, -148, -140, 888                  82.749
 70/151     95 → -43      -244, 142, 161, -1017, -134, -365, -181    66.945
 71/151     98 → 89       168, 354, -155, 1021, 166, 1029, 213       71.134
 72/151     27 → 55       -238, -668, -226, -950, 768, -238, -870,   81.232
                          -226, -950, -1016, -769, -238, -870,             
                          -226, -744, -984, -769, -238, -870,              
                          -226, -950, -984, -769, -238, -870,              
                          -226, -950, -1016, -769, -238, -870,             
                          -226                                             
 73/151     45 → 15       157, 147, -140                             75.080
 74/151    121 → -103     -495, -348, -108, -193                      5.255
 75/151     84 → -17      -888, 140, 148, -157, -893                 81.549
 76/151     77 → 96                                                  12.757
 77/151    111 → 107      115                                        33.396
 78/151     32 → 57       -145, -138, -212                           82.038
 79/151    -40 → 94       157, -148, -140                            80.434
 80/151     -4 → 59       -188, -200, -499, -131, -204, -162, -214   79.204
 81/151    -53 → 83       -217, 465, -845, 186, -217, -577, -845,    49.019
                          186, -217                                        
 82/151    -91 → 121      -193, -125, 230, 761, 230, 494, 890,       45.037
                          494, 890, 494                                    
 83/151     76 → -21                                                 35.158
 84/151    102 → 117                                                 30.936
 85/151     80 → 30                                                  37.571
 86/151      5 → 77                                                  11.634
 87/151     89 → 111      168, -355, -155, 1018, 166, 1026, 213      46.615
 88/151     69 → 52       -235, -650, -235, -644, -235, -644,        19.726
                          -235, -650, -235                                 
 89/151     61 → -12                                                 38.777
 90/151    -36 → 38                                                  38.402
 91/151     52 → -6       -227, 1053, 959, 242, -187, 959, 242       82.125
 92/151     50 → -18                                                 40.652
 93/151     10 → 74       224, -199, 234, 594, 224, 578, 234         69.054
 94/151     86 → 2        -169, -174, 209                            76.871
 95/151    -43 → 97       252, 182, 906, 906, 906, 906, 906, 906,    76.734
                          906, 906, 906, 906, 906, 906, 906, 906,          
                          906, 906, 906, 906                               
 96/151     36 → 12                                                  85.890
 97/151     -8 → 92       -177, 225                                  78.856
 98/151     94 → 62                                                  69.927
 99/151     58 → -38      219, -588, 219, -588, 219, 932             29.236
100/151    -82 → 100      -348, 158, 192                             43.818
101/151     46 → 58       -184, -236                                 76.888
102/151     25 → 35       219, -588, 219, 932                        82.854
103/151     82 → -15      -233, -167, -233                           52.214
104/151     41 → -31                                                 85.686
105/151    107 → -79      137, 231, 137                              46.285
106/151     22 → 88       -227, 1053, 242                            64.978
107/151     56 → 70                                                  69.799
108/151     92 → 42       -206                                       78.567
109/151     51 → 17       228, -426, 228                             82.997
110/151     42 → 34       206                                        81.254
111/151    103 → 108      193                                        44.295
112/151     44 → 84                                                  92.263
113/151      4 → 45                                                  86.467
114/151     30 → 47                                                  96.422
115/151     49 → 26       -211                                       83.239
116/151     35 → 60                                                  62.115
117/151     68 → 98       203                                        66.995
118/151     55 → 9        -203                                       81.239
119/151    105 → -57      206                                        59.922
120/151      2 → 16                                                  70.951
121/151      3 → 86       220                                        73.208
122/151     64 → -14                                                 95.404
123/151    110 → 68       -907, -907, -907, -907, -907, -907,        12.262
                          -907, -907, -907, -907                           
124/151     96 → 72                                                  35.300
125/151    -25 → 48       216                                        83.207
126/151    -77 → 120                                                 24.577
127/151    121 → -108     -495, -348                                 48.818
128/151    100 → 73       192                                        63.166
129/151    -41 → 105      -227                                       76.932
130/151     87 → -1       -220                                       81.469
131/151    109 → -77                                                 35.621
132/151     26 → 75       241                                        82.400
133/151     97 → -91      252                                        66.748
134/151     75 → 56                                                  87.860
135/151     78 → 31       -123                                       64.115
136/151    -33 → 78                                                  56.712
137/151     73 → 20                                                  60.624
138/151     72 → 14                                                  37.556
139/151     16 → 46       -743, -743, -743                           76.860
140/151     28 → 24                                                  97.587
141/151     54 → 7                                                   81.560
142/151     59 → -8                                                  55.392
143/151    117 → 61                                                  20.854
144/151    -96 → 109      495                                        16.033
145/151     50 → 8        direct connection                          10.994
146/151    120 → -5       914, 914                                    7.343
147/151     48 → 66       928, 928, 928, 928, 928, 928, 928, 928,    82.091
                          928, 928                                         
148/151    -21 → 32       -929, -929                                 83.268
149/151     74 → 63       -949, -949, -949, -949, -949, -949, -949   75.823
150/151     79 → -68      -137, -231, -137, -107, -115, -111,        43.282
                          -213, -1026, -166, -1018, 155, 355,              
                          -168, -89, -213, -1029, -166, -1021,             
                          155, -354, -168, -98, -203                       
151/151     89 → 95       168, -355, -155, 1018, 166, 1026, 213,     15.221
                          111, 115, 107, 137, 231, 137, -79, -244,         
                          143, 161, -1005, -134, 363, -181                 


Applying bridges (2025-04-15 12:44:21)
--------------------------------------
    Unicycler now applies to the graph in decreasing order of quality. This ensures that when multiple, contradictory bridges exist, the most supported option is used.

Bridge type        Start → end    Path                                       Quality
simple long read     -17 → -51    -228, 426, -228                             99.792
simple long read      12 → -61    237, 438, 237, 438, 237, 438, 237, 438,     99.701
                                  237                                               
simple long read       1 → -87    220                                         99.699
simple long read      -9 → -55    203                                         97.653
long read             28 → 24                                                 97.587
simple long read     107 → -79    137, 231, 137                               97.511
long read             30 → 47                                                 96.422
long read             64 → -14                                                95.404
simple long read      76 → -21    215, 239, 215, 239, 215, 239, 215, 239,     93.372
                                  215, 239, 215                                     
long read             44 → 84                                                 92.263
simple long read       3 → 86     220                                         89.423
simple long read      15 → -82    233, 167, 233                               87.924
long read             75 → 56                                                 87.860
long read              4 → 45                                                 86.467
simple long read      68 → 98     203                                         85.987
long read             36 → 12                                                 85.890
long read             41 → -31                                                85.686
long read              7 → 11     -889, -889, -889, -889, -889, -889,         83.788
                                  -889, -889, -889, -889, -889, -152, 160,          
                                  180, 892, 113, 648, -617, 191, 178, 197,          
                                  986, -894, 176, 489, 114, 631, 122, 245,          
                                  -198, 997, -807, 205, 823, -486                   
long read            -21 → 32     -929, -929                                  83.268
long read             49 → 26     -211                                        83.239
long read            -25 → 48     216                                         83.207
long read             53 → -37    157, -148, -140                             82.899
long read             25 → 35     219, -588, 219, 932                         82.854
long read            -27 → 37     116                                         82.798
long read             -1 → 49     -116                                        82.797
long read             67 → 22     893, 157, -148, -140, 888                   82.749
long read             40 → 18     194, -823, -205, 807, -997, -286, -245,     82.700
                                  -122, -631, -114, -489, -176, 894, 989,           
                                  -197, -154, -113, -892, 172, 201, 703             
long read             20 → 10     583, 214, 162, 204, 131, 499, 200, 188      82.612
long read             60 → 23     214, 162, 204, 131, 499, 200, 188           82.512
long read             26 → 75     241                                         82.400
long read             52 → -6     -227, 1053, 959, 242, -187, 959, 242        82.125
long read             48 → 66     928, 928, 928, 928, 928, 928, 928, 928,     82.091
                                  928, 928                                          
long read            -50 → 54     -703, -201, -172, 892, 113, 648, 660,       82.078
                                  191, 178, 197, 986, -894, 176, 488, 114,          
                                  631, 122, 245, -198, 997, -807, 205,              
                                  823, -486                                         
long read             32 → 57     -145, -138, -212                            82.038
long read             13 → 80     -210, -582, -200, -499, -218, -171,         81.733
                                  -149, 1015, -539, -204, -163, -214, -583          
long read             24 → 39     -205, -557, 194, -823, -205, 807, 985,      81.600
                                  -286, 246, -122, -631, -114, -488, -176,          
                                  894, -986, -197, -178, -191, -660, -648,          
                                  -113, -892, -180, -160                            
long read             54 → 7                                                  81.560
long read             84 → -17    -888, 140, 148, -157, -893                  81.549
long read             42 → 34     206                                         81.254
long read             27 → 55     -238, -668, -226, -950, 768, -238, -870,    81.232
                                  -226, -950, -1016, -769, -238, -870,              
                                  -226, -744, -984, -769, -238, -870,               
                                  -226, -950, -984, -769, -238, -870,               
                                  -226, -950, -1016, -769, -238, -870,              
                                  -226                                              
long read             11 → 6      -582, -200, -150, -149, -1002, -539,        80.956
                                  -204, -163, -214, -583                            
long read             47 → 87     -195, -209, -175, 169, -141, 212, 146,      80.909
                                  -998, 179, 145, 129                               
long read            -40 → 94     157, -148, -140                             80.434
long read             -5 → 44     836, -173, -823, -205, 807, -997, -286,     80.367
                                  246, -122, -630, -114, -488, -176, 894,           
                                  -986, -197, -178, -191, 617, -648, -113,          
                                  -892, 172, 201                                    
long read             -4 → 59     -188, -200, -499, -131, -204, -162, -214    79.204
long read             62 → -39    -703, -201, -172, 892, 113, 648, -617,      79.001
                                  -207, 178, 197, 986, 891, 176, 488, 114,          
                                  630, 122, -246, 286, -985, -807, 205,             
                                  823, 173, -836                                    
long read             -8 → 92     -177, 225                                   78.856
long read             92 → 42     -206                                        78.567
long read             63 → 76     116                                         78.390
long read             83 → 69     -211, -132, -823, -205, 807, -997, 198,     78.079
                                  -245, -122, -630, -114, -489, -176, 894,          
                                  989, -197, -178, -191, -660, -648, -113,          
                                  -595, -180, -867, 751, -542                       
long read             34 → 71     214, 163, 204, 539, 1002, 149, 171, 156,    77.941
                                  210                                               
long read            -29 → 64     -823, -205, 807, -997, 198, -245, -122,     77.868
                                  -630, -114, -489, -176, -891, -986,               
                                  -197, -154, -113, -892, -180, -867, 751,          
                                  528, 232                                          
simple long read     -19 → -71    -250, 135, -250, 135, -250, 135, -250       77.779
long read            -41 → 105    -227                                        76.932
long read             46 → 58     -184, -236                                  76.888
long read             86 → 2      -169, -174, 209                             76.871
long read             16 → 46     -743, -743, -743                            76.860
long read            -43 → 97     252, 182, 906, 906, 906, 906, 906, 906,     76.734
                                  906, 906, 906, 906, 906, 906, 906, 906,           
                                  906, 906, 906, 906                                
long read             66 → -33    -216, 447, 157, -148, -140                  76.672
long read             74 → 63     -949, -949, -949, -949, -949, -949, -949    75.823
long read              9 → 13     867, 180, 595, 113, 648, -617, 191, 178,    75.590
                                  197, -989, -894, 176, 489, 114, 630,              
                                  122, 245, -198, 997, -807, 205, 823, 173          
long read             45 → 15     157, 147, -140                              75.080
long read             19 → 3      -123, -126, -184, -236                      74.832
long read             98 → 89     168, 354, -155, 1021, 166, 1029, 213        71.134
long read              2 → 16                                                 70.951
long read            -52 → -69    235, 650, 235, 644, 235, 644, 235, 650,     70.783
                                  235                                               
long read            -83 → 53     217, -186, 845, 577, 217, -186, 845,        70.783
                                  -465, 217                                         
long read             94 → 62                                                 69.927
long read             56 → 70                                                 69.799
long read             10 → 74     224, -199, 234, 594, 224, 578, 234          69.054
long read             95 → -43    -244, 142, 161, -1017, -134, -365, -181     66.945
long read             97 → -91    252                                         66.748
long read             57 → -105   -206                                        65.840
long read            -79 → 95     -244, 143, 161, -1005, -134, 363, -181      65.793
long read             22 → 88     -227, 1053, 242                             64.978
long read            -28 → 65     219, 506, 241, 165, 221, -1020, -202,       64.519
                                  -1019, 153, 607, 185, -1003, -183, -999,          
                                  -151                                              
long read             78 → 31     -123                                        64.115
long read             65 → 51     221, -1012, -202, 1008, 153, 608, 185,      63.271
                                  -1010, -183, 1000, -151, -127, -232,              
                                  542, -751, 867, 180, 892, 113, 154, 197,          
                                  986, 891, 176, 489, 114, 631, 122, -246,          
                                  286, -985, -807, 205, 823, 173, -836              
long read            100 → 73     192                                         63.166
long read            -91 → 121    -193, -125, 230, 761, 230, 494, 890,        62.577
                                  494, 890, 494                                     
long read            121 → -108   -495, -348                                  62.577
long read           -108 → -103   -193                                        62.577
long read           -103 → 110    -115                                        62.577
long read            110 → 68     -907, -907, -907, -907, -907, -907,         62.577
                                  -907, -907, -907, -907                            
long read             35 → 60                                                 62.115
long read             88 → -29    -349, 1009, 555, 1023, 159, -536, -349,     61.650
                                  -1030, 555, -1022, 159, -536, -349,               
                                  -1030, 555, -1022, 159, -534, -349,               
                                  -1030, 555, 1023, 159, -534, -349,                
                                  -1030, 555, 1023, 159, -534, -349, 1009,          
                                  555, -1022, 159, -534, -349, -1030, 555,          
                                  1023, 159, -534, -349, -1030, 555, 1023,          
                                  159, -536, -349, -1030, 555, 1023, 159,           
                                  -536, -349, -1030, 555, 1023, 159, -534,          
                                  130, -535, -969, -229, -933, -722, 781,           
                                  402, 257, 684, -367, -535, -969, -229,            
                                  -933, 510, 402, 257, 684, -367, -535,             
                                  -969, -229, -933, -722, 781, 402, 257,            
                                  684, -367, -535, -969, -229, -933, 510,           
                                  402, 257, 684, -367, -535, -969, -229,            
                                  -933, 510, 910, 458, 257, 684, -367,              
                                  -535, -969, -229, -933, -722, 781, 402,           
                                  257, 684, -367, -535, -969, -229, -933,           
                                  -722, 781, 402, 257, 684, -367, -535,             
                                  -969, -229, -933, -722, 687, 458, 288,            
                                  -951, 684, 837, 240, -969, -229, -933,            
                                  510, 402, 257, 684, -367, -535, -969,             
                                  -229, -933, 510, 910, 458, 257, 684,              
                                  -367, -535, -969, -229, -933, -722, 781,          
                                  402, 257, 684, -367, -535, -969, -229,            
                                  -933, -722, 781, 402, 257, 684, -367,             
                                  -535, -969, -229, -933, -722, 687, 458,           
                                  288, -951, 684, 837, 240, -969, -229,             
                                  -933, 510, 402, 257, 684, -367, -535,             
                                  -969, -229, -933, 510, 910, 458, 257,             
                                  684, -367, -535, -969, -229, -933, 510,           
                                  910, 458, 257, 684, 837, 240, 975, -229,          
                                  394, 458, 288, -948, -683, -367, -535,            
                                  -969, -229, -933, 510, 910, 458, 257,             
                                  684, -367, -535, -969, -229, -933, -722,          
                                  781, 402, 257, 684, 837, 240, 975, -229,          
                                  394, 458, 288, -948, 532, 240, 975,               
                                  -229, -933, -722, 687, 458, 257, 684,             
                                  837, 240, 975, -229, 394, 458, 288,               
                                  -951, 532, 240, 975, -229, -933, -722,            
                                  687, 458, 288, -951                               
long read             73 → 20                                                 60.624
long read            -33 → 78                                                 56.712
long read             85 → 85     762, 562, 196, 170, 99, 434, 1061, 559,     55.968
                                  -139, -170, -196, -562, -762, -81,                
                                  -1031, -93, -1040, 106, -452, 124, 1034,          
                                  119, -509, 503, -208, -563, 1063, 104,            
                                  -432, 128, -279, -90, 1028, -112, 1046,           
                                  133, -196, -562, -118, 524, 164, 665,             
                                  566, 144, 665, 566                                
long read             59 → -8                                                 55.392
simple long read     111 → 107    115                                         54.796
long read             89 → 111    168, -355, -155, 1018, 166, 1026, 213       46.615
long read            -82 → 100    -348, 158, 192                              43.818
long read             80 → 30     236                                         43.278
long read             50 → -18                                                40.652
long read            -36 → 38                                                 38.402
long read             72 → 14                                                 37.556
long read            109 → -77                                                35.621
long read             96 → 72                                                 35.300
long read            102 → 117                                                30.936
long read             58 → -38    219, -588, 219, -588, 219, 932              29.236
long read            -77 → 120                                                24.577
long read            117 → 61                                                 20.854
long read            -96 → 109    495                                         16.033
long read             70 → -23                                                12.889
long read            -67 → 102    -195, -209, -175, 169, -141, 212, 146,       9.637
                                  -1001, 179, 145, 129                              
long read            120 → -5     914, 914                                     7.343

Saving /home/FCAM/nvargas/2025Feb18_Nataly_289_358_assembly/366/3_ASSEMBLY/UNICYCLER/004_bridges_applied.gfa


Bridged assembly graph (2025-04-15 12:44:22)
--------------------------------------------
    The assembly is now mostly finished and no more structural changes will be made. Ideally the assembly graph should now have one contig per replicon and no erroneous contigs (i.e. a complete assembly). If there are more contigs, then the assembly is not complete.

Saving /home/FCAM/nvargas/2025Feb18_Nataly_289_358_assembly/366/3_ASSEMBLY/UNICYCLER/005_final_clean.gfa

Component   Segments   Links   Length      N50         Longest segment   Status  
    total          4       4   4,913,612   4,747,313         4,747,313           
        1          1       1   4,747,313   4,747,313         4,747,313   complete
        2          1       1     114,146     114,146           114,146   complete
        3          1       1      49,315      49,315            49,315   complete
        4          1       1       2,838       2,838             2,838   complete


Rotating completed replicons (2025-04-15 12:44:22)
--------------------------------------------------
    Any completed circular contigs (i.e. single contigs which have one link connecting end to start) can have their start position changed without altering the sequence. For consistency, Unicycler now searches for a starting gene (dnaA or repA) in each such contig, and if one is found, the contig is rotated to start with that gene on the forward strand.

Segment   Length      Depth    Starting gene     Position    Strand    Identity   Coverage
      1   4,747,313    1.00x   UniRef90_A0KEC3   1,253,913   reverse      98.2%     100.0%
      2     114,146    3.17x   UniRef90_A4SUC2      31,651   forward      93.4%     100.0%
      3      49,315   21.34x   none found                                                 
      4       2,838    0.52x   none found                                                 

Saving /home/FCAM/nvargas/2025Feb18_Nataly_289_358_assembly/366/3_ASSEMBLY/UNICYCLER/006_rotated.gfa


Assembly complete (2025-04-15 12:47:08)
---------------------------------------
Saving /home/FCAM/nvargas/2025Feb18_Nataly_289_358_assembly/366/3_ASSEMBLY/UNICYCLER/assembly.gfa
Saving /home/FCAM/nvargas/2025Feb18_Nataly_289_358_assembly/366/3_ASSEMBLY/UNICYCLER/assembly.fasta

